// Jest Snapshot v1, https://goo.gl/fbAQLP

exports[`Album Details page component should render details of an album 1`] = `
<DocumentFragment>
  <div
    class="sc-gtsrHT jLJFSN"
  >
    <div>
      HTML5 audio player loaded
    </div>
    <div
      class="sc-dlnjwi kZGBfS"
    >
      <img
        alt="Famous Friends"
        class="sc-hKFxyN edvMOJ"
        height="270"
        src="https://is1-ssl.mzstatic.com/image/thumb/Music115/v4/d1/6e/a9/d16ea9a6-c2a4-90aa-99e7-a981ee8cb689/source/100x100bb.jpg"
        width="270"
      />
      <div
        class="sc-eCApnc kaqpbi"
      >
        <h1
          class="sc-jSFjdj dsPvuV"
        >
          Famous Friends
        </h1>
        <div
          class="sc-gKAaRy hBzKLZ"
        >
          Chris Young
        </div>
        <div
          class="sc-iCoGMd iMqYPl"
        >
          Country.2021
        </div>
        <button
          class="sc-fujyAs cXKuuA"
        >
          Preview
        </button>
      </div>
    </div>
    <ul>
      <li>
        song1
      </li>
      <li>
        song2
      </li>
      <li>
        song3
      </li>
      <li>
        song4
      </li>
    </ul>
    <div
      class="sc-pNWdM epXQSF"
    >
      <p
        class="sc-jrsJWt jPimyE"
      >
        Fri Aug 06 2021
      </p>
      <p
        class="sc-kEqXSa Sqmkb"
      >
        Total songs 14
      </p>
      <p
        class="sc-iqAclL bMwMxA"
      >
        â„— 2021 Sony Music Entertainment. All rights reserved.
      </p>
    </div>
  </div>
</DocumentFragment>
`;
