// Jest Snapshot v1, https://goo.gl/fbAQLP

exports[`render globalstyle component check globalstyle snapshot 1`] = `null`;
