// Jest Snapshot v1, https://goo.gl/fbAQLP

exports[`Album List component component should render list of albums correctly 1`] = `
<DocumentFragment>
  <ul
    class="sc-bdnxRM cHtmfc"
  >
    <li
      class="sc-gtsrHT iKIoUa"
      data-testid="album"
    >
      <div
        class="sc-dlnjwi eEhPkN"
      >
        <div
          class="sc-hKFxyN hFgHbL"
        >
          <img
            alt="Welcome 2 America"
            class="sc-fujyAs dMRvub"
            loading="lazy"
            src="https://is1-ssl.mzstatic.com/image/thumb/Music114/v4/55/46/19/55461993-6fd7-d703-9b39-03043f585203/886449187249.jpg/170x170bb.png"
          />
        </div>
        <div
          class="sc-eCApnc hrSlJz"
        >
          <div
            class="sc-jSFjdj kUXCdg"
          >
            <span
              class="sc-gKAaRy kkQDiB"
            >
              Welcome 2 America
            </span>
            <div
              class="sc-iCoGMd itDCGY"
            >
              Prince
            </div>
          </div>
          <div
            class="sc-pNWdM eOVURI"
          >
            <svg
              height="30px"
              id="Layer_1"
              version="1.1"
              viewBox="0 0 455 455"
              width="30px"
              x="0px"
              xml:space="preserve"
              xmlns="http://www.w3.org/2000/svg"
              xmlns:xlink="http://www.w3.org/1999/xlink"
              y="0px"
            >
              <title>
                Favorite
              </title>
              <g
                fill="none"
                fill-rule="evenodd"
                stroke="none"
                stroke-width="2"
              >
                <g
                  fill="#fa2d48"
                  fill-rule="nonzero"
                >
                  <path
                    d="M326.632,10.346c-38.733,0-74.991,17.537-99.132,46.92c-24.141-29.383-60.399-46.92-99.132-46.92 C57.586,10.346,0,67.931,0,138.714c0,55.426,33.049,119.535,98.23,190.546c50.162,54.649,104.729,96.96,120.257,108.626l9.01,6.769 l9.009-6.768c15.53-11.667,70.099-53.979,120.26-108.625C421.95,258.251,455,194.141,455,138.714 C455,67.931,397.414,10.346,326.632,10.346z"
                  />
                  <g />
                  <g />
                  <g />
                  <g />
                  <g />
                  <g />
                  <g />
                  <g />
                  <g />
                  <g />
                  <g />
                  <g />
                  <g />
                  <g />
                  <g />
                </g>
              </g>
            </svg>
          </div>
        </div>
      </div>
    </li>
    <li
      class="sc-gtsrHT iKIoUa"
      data-testid="album"
    >
      <div
        class="sc-dlnjwi eEhPkN"
      >
        <div
          class="sc-hKFxyN hFgHbL"
        >
          <img
            alt="Into The Mystery"
            class="sc-fujyAs dMRvub"
            loading="lazy"
            src="https://is2-ssl.mzstatic.com/image/thumb/Music125/v4/f5/48/5f/f5485f4c-458e-425e-fa60-e3ce2871cb00/075679788856.jpg/170x170bb.png"
          />
        </div>
        <div
          class="sc-eCApnc hrSlJz"
        >
          <div
            class="sc-jSFjdj kUXCdg"
          >
            <span
              class="sc-gKAaRy kkQDiB"
            >
              Into The Mystery
            </span>
            <div
              class="sc-iCoGMd itDCGY"
            >
              NEEDTOBREATHE
            </div>
          </div>
          <div
            class="sc-pNWdM eOVURI"
          >
            <svg
              height="30px"
              id="Layer_1"
              version="1.1"
              viewBox="0 0 455 455"
              width="30px"
              x="0px"
              xml:space="preserve"
              xmlns="http://www.w3.org/2000/svg"
              xmlns:xlink="http://www.w3.org/1999/xlink"
              y="0px"
            >
              <title>
                Favorite
              </title>
              <g
                fill="none"
                fill-rule="evenodd"
                stroke="none"
                stroke-width="2"
              >
                <g
                  fill="#fa2d48"
                  fill-rule="nonzero"
                >
                  <path
                    d="M326.632,10.346c-38.733,0-74.991,17.537-99.132,46.92c-24.141-29.383-60.399-46.92-99.132-46.92 C57.586,10.346,0,67.931,0,138.714c0,55.426,33.049,119.535,98.23,190.546c50.162,54.649,104.729,96.96,120.257,108.626l9.01,6.769 l9.009-6.768c15.53-11.667,70.099-53.979,120.26-108.625C421.95,258.251,455,194.141,455,138.714 C455,67.931,397.414,10.346,326.632,10.346z"
                  />
                  <g />
                  <g />
                  <g />
                  <g />
                  <g />
                  <g />
                  <g />
                  <g />
                  <g />
                  <g />
                  <g />
                  <g />
                  <g />
                  <g />
                  <g />
                </g>
              </g>
            </svg>
          </div>
        </div>
      </div>
    </li>
    <li
      class="sc-gtsrHT iKIoUa"
      data-testid="album"
    >
      <div
        class="sc-dlnjwi eEhPkN"
      >
        <div
          class="sc-hKFxyN hFgHbL"
        >
          <img
            alt="The House Is Burning"
            class="sc-fujyAs dMRvub"
            loading="lazy"
            src="https://is3-ssl.mzstatic.com/image/thumb/Music115/v4/3f/28/c8/3f28c8e9-c28a-1087-8ccb-654c35bdfbb8/093624878070.jpg/170x170bb.png"
          />
        </div>
        <div
          class="sc-eCApnc hrSlJz"
        >
          <div
            class="sc-jSFjdj kUXCdg"
          >
            <span
              class="sc-gKAaRy kkQDiB"
            >
              The House Is Burning
            </span>
            <div
              class="sc-iCoGMd itDCGY"
            >
              Isaiah Rashad
            </div>
          </div>
          <div
            class="sc-pNWdM eOVURI"
          >
            <svg
              height="30px"
              id="Layer_1"
              version="1.1"
              viewBox="0 0 455 455"
              width="30px"
              x="0px"
              xml:space="preserve"
              xmlns="http://www.w3.org/2000/svg"
              xmlns:xlink="http://www.w3.org/1999/xlink"
              y="0px"
            >
              <title>
                UnFavorite
              </title>
              <g
                fill="none"
                fill-rule="evenodd"
                stroke="none"
                stroke-width="2"
              >
                <g
                  fill="#fa2d48"
                  fill-rule="nonzero"
                >
                  <path
                    d="M326.632,10.346c-38.733,0-74.991,17.537-99.132,46.92c-24.141-29.384-60.398-46.92-99.132-46.92 C57.586,10.346,0,67.931,0,138.714c0,55.426,33.05,119.535,98.23,190.546c50.161,54.647,104.728,96.959,120.257,108.626l9.01,6.769 l9.01-6.768c15.529-11.667,70.098-53.978,120.26-108.625C421.949,258.251,455,194.141,455,138.714 C455,67.931,397.414,10.346,326.632,10.346z M334.666,308.974c-41.259,44.948-85.648,81.283-107.169,98.029 c-21.52-16.746-65.907-53.082-107.166-98.03C61.236,244.592,30,185.717,30,138.714c0-54.24,44.128-98.368,98.368-98.368 c35.694,0,68.652,19.454,86.013,50.771l13.119,23.666l13.119-23.666c17.36-31.316,50.318-50.771,86.013-50.771 c54.24,0,98.368,44.127,98.368,98.368C425,185.719,393.763,244.594,334.666,308.974z"
                  />
                  <g />
                  <g />
                  <g />
                  <g />
                  <g />
                  <g />
                  <g />
                  <g />
                  <g />
                  <g />
                  <g />
                  <g />
                  <g />
                  <g />
                  <g />
                </g>
              </g>
            </svg>
          </div>
        </div>
      </div>
    </li>
  </ul>
</DocumentFragment>
`;
