// Jest Snapshot v1, https://goo.gl/fbAQLP

exports[`Album component component should toggle favorite state of album on clicking 1`] = `
<DocumentFragment>
  <li
    class="sc-bdnxRM drQndn"
    data-testid="album"
  >
    <div
      class="sc-gtsrHT cLORvp"
    >
      <div
        class="sc-dlnjwi bWffnD"
      >
        <img
          alt="Welcome 2 America"
          class="sc-iCoGMd jNGNJS"
          loading="lazy"
          src="https://is1-ssl.mzstatic.com/image/thumb/Music114/v4/55/46/19/55461993-6fd7-d703-9b39-03043f585203/886449187249.jpg/170x170bb.png"
        />
      </div>
      <div
        class="sc-hKFxyN lgKhgn"
      >
        <div
          class="sc-eCApnc hPTdnV"
        >
          <span
            class="sc-jSFjdj dprczd"
          >
            Welcome 2 America
          </span>
          <div
            class="sc-gKAaRy dGeeFs"
          >
            Prince
          </div>
        </div>
        <div
          class="sc-fujyAs cNlUce"
        >
          <svg
            height="30px"
            id="Layer_1"
            version="1.1"
            viewBox="0 0 455 455"
            width="30px"
            x="0px"
            xml:space="preserve"
            xmlns="http://www.w3.org/2000/svg"
            xmlns:xlink="http://www.w3.org/1999/xlink"
            y="0px"
          >
            <title>
              Favorite
            </title>
            <g
              fill="none"
              fill-rule="evenodd"
              stroke="none"
              stroke-width="2"
            >
              <g
                fill="#fa2d48"
                fill-rule="nonzero"
              >
                <path
                  d="M326.632,10.346c-38.733,0-74.991,17.537-99.132,46.92c-24.141-29.383-60.399-46.92-99.132-46.92 C57.586,10.346,0,67.931,0,138.714c0,55.426,33.049,119.535,98.23,190.546c50.162,54.649,104.729,96.96,120.257,108.626l9.01,6.769 l9.009-6.768c15.53-11.667,70.099-53.979,120.26-108.625C421.95,258.251,455,194.141,455,138.714 C455,67.931,397.414,10.346,326.632,10.346z"
                />
                <g />
                <g />
                <g />
                <g />
                <g />
                <g />
                <g />
                <g />
                <g />
                <g />
                <g />
                <g />
                <g />
                <g />
                <g />
              </g>
            </g>
          </svg>
        </div>
      </div>
    </div>
  </li>
</DocumentFragment>
`;
